[www.giambarhogar.com/index.html]
[static.wixstatic.com/media/7a7733_0de05c041c0946aa80d703e0a80e689d_mv2.jpg/v1/fill/w_192,h_192,lg_1,usm_0.66_1.00_0.01/7a7733_0de05c041c0946aa80d703e0a80e689d_mv2.jpg]
[static.wixstatic.com/media/7a7733_0de05c041c0946aa80d703e0a80e689d_mv2.jpg/v1/fill/w_32,h_32,lg_1,usm_0.66_1.00_0.01/7a7733_0de05c041c0946aa80d703e0a80e689d_mv2.jpg]
[static.wixstatic.com/media/7a7733_0de05c041c0946aa80d703e0a80e689d_mv2.jpg/v1/fill/w_180,h_180,lg_1,usm_0.66_1.00_0.01/7a7733_0de05c041c0946aa80d703e0a80e689d_mv2.jpg]
[static.parastorage.com/unpkg/core-js-bundle@3.2.1/minified.js]
[static.parastorage.com/unpkg/focus-within-polyfill@5.0.9/dist/focus-within-polyfill.js]
[backblue.gif]
[fade.gif]
[index.html]
[polyfill.io/v3/polyfill.mind82c.js]
[www.giambarhogar.com/bancos.html]
[www.giambarhogar.com/contacto.html]
[static.wixstatic.com/media/7a7733_ef7ec529099c463394c9de893e364849_mv2.png/v1/crop/x_0,y_335,w_960,h_290/fill/w_258,h_78,al_c,q_85,usm_0.66_1.00_0.01,enc_auto/PhotoRoom-20230930_152838.png]
[www.giambarhogar.com/librodereclamaciones.html]
[www.giambarhogar.com/account/mi-lista-de-deseos.html]
[www.giambarhogar.com/cart-page.html]
[www.giambarhogar.com/home.html]
[www.giambarhogar.com/cuchillos.html]
[www.giambarhogar.com/disney-marvel.html]
[www.giambarhogar.com/edredones.html]
[www.giambarhogar.com/navidad.html]
[www.giambarhogar.com/términos-y-condiciones.html]
[www.giambarhogar.com/zapatillas.html]
[www.giambarhogar.com/copia-de-acerca-de.html]
[static.wixstatic.com/media/84770f_27001c40036842889a78a72766ad4700_mv2.png/v1/fill/w_47,h_30,al_c,q_85,usm_0.66_1.00_0.01,blur_3,enc_auto/Visa.png]
[static.wixstatic.com/media/c837a6_e8798fcfdaf144478a5c7da1ba28ff2c_mv2.png/v1/fill/w_47,h_30,al_c,q_85,usm_0.66_1.00_0.01,blur_3,enc_auto/brand-mastercard@3x.png]
[static.wixstatic.com/media/c837a6_2bd3e20d1e214eccb5e106fc6d1f535d_mv2.png/v1/fill/w_39,h_25,al_c,q_85,usm_0.66_1.00_0.01,blur_3,enc_auto/brand-amex@3x.png]
[static.wixstatic.com/media/84770f_70555dcb450a415d80322cb8d7e82a33_mv2.png/v1/fill/w_48,h_35,al_c,q_85,usm_0.66_1.00_0.01,blur_3,enc_auto/Diners.png]
[browser.sentry-cdn.com/6.18.2/bundle.min.js]
[www.giambarhogar.com/sitemap.xml]
[www.giambarhogar.com/feed.1a.delayed]
[www.giambarhogar.com/${n.1b.delayed]
[static.parastorage.com/services/wix-thunderbolt/dist/thunderbolt-commons.2d296a09.bundle.min.js]
[static.parastorage.com/services/wix-thunderbolt/dist/main.3ff02e7e.bundle.min.js]
[static.parastorage.com/unpkg/lodash@4.17.21/lodash.min.js]
[static.parastorage.com/unpkg/react@16.14.0/umd/react.production.min.js]
[static.parastorage.com/unpkg/react-dom@16.14.0/umd/react-dom.production.min.js]
[www.giambarhogar.com/decodeURIComponent(e.21.delayed]
[static.parastorage.com/services/tag-manager-client/1.820.0/siteTags.bundle.min.js]
[static.parastorage.com/services/wix-perf-measure/1.1095.0/wix-perf-measure.umd.min.js]
[www.giambarhogar.com/index.html]
[static.wixstatic.com/media/7a7733_88e97a9874254d02bdf5994c8d650728_mv2.png/v1/fill/w_201,h_111,al_c,q_85,usm_0.66_1.00_0.01,enc_auto/banco-de-credito-del-peru-bcp-logo-vector (1).png]
[static.wixstatic.com/media/7a7733_d24c751946174bbbaad9d24d40e02149_mv2.png/v1/fill/w_140,h_140,al_c,q_85,usm_0.66_1.00_0.01,enc_auto/1200x630wa-PhotoRoom.png]
[static.wixstatic.com/media/7a7733_d25017273ae44084b7bc436e36b167e7_mv2.png/v1/fill/w_85,h_85,al_c,q_85,usm_0.66_1.00_0.01,enc_auto/124034.png]
[static.wixstatic.com/media/7a7733_a3d6437b5c0b40baa4985024d1d8871c_mv2.png/v1/fill/w_92,h_92,al_c,q_85,usm_0.66_1.00_0.01,enc_auto/59060c9a0cbeef0acff9a65d.png]
[www.giambarhogar.com/bancos.html]
[static.parastorage.com/services/editor-elements-library/dist/thunderbolt/media/sloppyframe.d2412ec4.png]
[www.giambarhogar.com/contacto.html]
[www.giambarhogar.com/librodereclamaciones.html]
[www.giambarhogar.com/account/sitemap.2a.delayed]
[www.giambarhogar.com/account/robots.html]
[www.giambarhogar.com/account/feed.2b.delayed]
[www.giambarhogar.com/account/${n.html]
[www.giambarhogar.com/account/mi-lista-de-deseos.html]
[www.giambarhogar.com/account/decodeURIComponent(e.html]
[www.giambarhogar.com/cart-page.html]
[static.wixstatic.com/media/5adaa3_7d48397f5d784a68ab591618dc8c79cc_mv2.jpg/v1/fill/w_179,h_101,al_c,q_80,usm_0.66_1.00_0.01,blur_2,enc_auto/5adaa3_7d48397f5d784a68ab591618dc8c79cc_mv2.jpg]
[static.wixstatic.com/media/5adaa3_256ef3528e214c579a00db382af5d6a6_mv2.jpg/v1/fill/w_82,h_108,al_c,q_80,usm_0.66_1.00_0.01,blur_2,enc_auto/5adaa3_256ef3528e214c579a00db382af5d6a6_mv2.jpg]
[static.wixstatic.com/media/5adaa3_256ef3528e214c579a00db382af5d6a6_mv2.jpg/v1/fill/w_82,h_109,al_c,q_80,usm_0.66_1.00_0.01,blur_2,enc_auto/5adaa3_256ef3528e214c579a00db382af5d6a6_mv2.jpg]
[static.wixstatic.com/media/7a7733_1fd828cc89b44a37be2e36b3344d725b_mv2.png/v1/fill/w_49,h_29,al_c,q_85,usm_0.66_1.00_0.01,blur_2,enc_auto/7a7733_1fd828cc89b44a37be2e36b3344d725b_mv2.png]
[www.giambarhogar.com/home.html]
[www.giambarhogar.com/cuchillos.html]
[www.giambarhogar.com/edredones.html]
[www.giambarhogar.com/disney-marvel.html]
[www.giambarhogar.com/navidad.html]
[www.giambarhogar.com/zapatillas.html]
[www.giambarhogar.com/términos-y-condiciones.html]
[www.giambarhogar.com/copia-de-acerca-de.html]
[www.giambarhogar.com/feed.html]
[www.giambarhogar.com/${n.html]
[www.giambarhogar.com/decodeURIComponent(e.html]
[www.giambarhogar.com/account/robots.html]
[www.giambarhogar.com/account/sitemap.html]
[www.giambarhogar.com/account/feed.html]
[static.wixstatic.com/media/035244_516142e5fd21466aaf92b39e0883e66f_mv2.png/v1/crop/x_26,y_16,w_346,h_239/fill/w_339,h_235,al_c,q_85,usm_0.66_1.00_0.01,enc_au/035244_516142e5fd21466aaf92b39e0883e66f_mv2.33.delay]
[www.giambarhogar.com/account/${n.html]
[www.giambarhogar.com/account/decodeURIComponent(e.html]
[www.giambarhogar.com/account/${n-2.html]
[www.giambarhogar.com/account/${n-2.html]
